// Jest Snapshot v1, https://goo.gl/fbAQLP

exports[`matches snapshot 1`] = `
<div
  className="App"
>
  <h1
    id="mainHeader"
  >
    Welcome!
  </h1>
  <div
    className="input-area"
  >
    <div>
      <div
        className="todo-form"
      >
        <form>
          <input
            className="todo-input"
            data-testid="todo-item-input-field"
            name="toDoInput"
            onChange={[Function]}
            placeholder="Type An Item Here"
            type="text"
            value=""
          />
          <select
            className="filter-todo"
            daa-testid="filter-label"
            label="Filter"
            name="todos"
            onChange={[Function]}
            value="all"
          >
            <option
              value="all"
            >
              Filter: All
            </option>
            <option
              value="completed"
            >
              Completed
            </option>
            <option
              value="incomplete"
            >
              Incomplete
            </option>
          </select>
          <div
            className="action-area "
          >
            <button
              className="btn"
              onClick={[Function]}
            >
              Add Item
            </button>
            <button
              className="btn"
              onClick={[Function]}
            >
              Clear
            </button>
          </div>
        </form>
      </div>
    </div>
  </div>
  <div
    className="todo-list-area"
  >
    <div
      className="todo-container"
    >
      <ul
        className="todo-list"
      />
    </div>
  </div>
  <div
    className="myFooter-div"
  >
    <footer
      className="myFooter"
    >
      Created by 
      <a
        className="myFooter-name"
        href="https://www.cmcedricm.com/"
        style={
          Object {
            "margin": 1,
          }
        }
      >
        Cedric Men
      </a>
    </footer>
  </div>
</div>
`;
